<?xml version="1.0" encoding="utf-8"?><testsuites name="pytest tests"><testsuite name="pytest" errors="0" failures="0" skipped="0" tests="3" time="1.574" timestamp="2026-05-16T21:49:09.678458-04:00" hostname="dmontecinos"><testcase classname="tests.test_posts" name="test_get_post_with_valid_id_returns_200[1]" time="0.993" /><testcase classname="tests.test_posts" name="test_get_post_with_valid_id_returns_200[50]" time="0.296" /><testcase classname="tests.test_posts" name="test_get_post_with_valid_id_returns_200[100]" time="0.219" /></testsuite></testsuites>